// Jest Snapshot v1, https://goo.gl/fbAQLP

exports[`<GridSection /> Should render a GridSection 1`] = `
.c6 {
  font-size: 2.4rem;
}

.c4 {
  color: #2F5233;
  font-size: 6.4rem;
  text-transform: none;
  font-family: 'Montserrat',sans-serif;
}

.c9 {
  color: #2F5233;
  font-size: 3.2rem;
  text-transform: none;
  font-family: 'Montserrat',sans-serif;
}

.c2 .c5 {
  margin-bottom: 6.4rem;
  margin-left: 7.3rem;
}

.c2 > .c3 {
  display: -webkit-box;
  display: -webkit-flex;
  display: -ms-flexbox;
  display: flex;
  -webkit-box-pack: center;
  -webkit-justify-content: center;
  -ms-flex-pack: center;
  justify-content: center;
  margin-top: -10%;
}

.c7 {
  display: grid;
  grid-template-columns: 1fr 1fr 1fr 2fr;
  margin-left: 1.3rem;
  text-align: center;
  overflow: hidden;
  width: 100%;
}

.c0 {
  background: #FFFFFF;
  color: #2F5233;
  min-height: 100vh;
  display: -webkit-box;
  display: -webkit-flex;
  display: -ms-flexbox;
  display: flex;
  -webkit-align-items: center;
  -webkit-box-align: center;
  -ms-flex-align: center;
  align-items: center;
}

.c1 {
  max-width: 120rem;
  margin: 0 auto;
  padding: 3.2rem;
  width: 100%;
}

@media (max-width:768px) {
  .c4 {
    font-size: (max-width:768px);
  }
}

@media (max-width:768px) {
  .c2 {
    text-align: center;
  }

  .c2 > .c3 {
    font-size: 3.2rem;
    margin-top: 0;
  }

  .c2 .c5 {
    margin-bottom: 6.4rem;
    margin-left: 0;
  }
}

@media (max-width:768px) {
  .c7 {
    grid-template-columns: 1fr;
    margin-left: 0;
  }
}

@media (max-width:768px) {
  .c8 {
    margin-bottom: 2.4rem;
  }
}

<div>
  <div
    class="c0"
    id=""
  >
    <div
      class="c1"
    >
      <div
        class="c2"
      >
        <h2
          class="c3 c4"
        >
          My grid
        </h2>
        <p
          class="c5 c6"
        >
          Atque doloribus nobis laudantium esse ut, non commodi maxime distinctio veritatis unde
        </p>
        <div
          class="c7"
        >
          <div
            class="c8"
          >
            <h3
              class="c3 c9"
            >
              Teste 1
            </h3>
          </div>
          <div
            class="c8"
          >
            <h3
              class="c3 c9"
            >
              Teste 2
            </h3>
          </div>
          <div
            class="c8"
          >
            <h3
              class="c3 c9"
            >
              Teste 3
            </h3>
          </div>
          <div
            class="c8"
          >
            <h3
              class="c3 c9"
            >
              Teste 3
            </h3>
          </div>
        </div>
      </div>
    </div>
  </div>
</div>
`;
