// Jest Snapshot v1, https://goo.gl/fbAQLP

exports[`<GridContent /> Should render grid content 1`] = `
.c2 {
  text-align: center;
  max-width: 58rem;
  margin: 0 auto;
}

.c3 {
  margin: 6.4rem 0;
}

.c0 {
  background: #FFFFFF;
  color: #2F5233;
  min-height: 100vh;
  display: -webkit-box;
  display: -webkit-flex;
  display: -ms-flexbox;
  display: flex;
  -webkit-align-items: center;
  -webkit-box-align: center;
  -ms-flex-align: center;
  align-items: center;
}

.c1 {
  max-width: 120rem;
  margin: 0 auto;
  padding: 3.2rem;
  width: 100%;
}

.c4 {
  color: #2F5233;
  font-size: 4.0rem;
  text-transform: uppercase;
  font-family: 'Montserrat',sans-serif;
}

.c5 {
  font-size: 2.4rem;
}

<div>
  <div
    class="c0"
    id=""
  >
    <div
      class="c1"
    >
      <div
        class="c2"
      >
        <div
          class="c3"
        >
          <h2
            class="c4"
          >
            Grid content
          </h2>
          <p
            class="c5"
          >
            Lorem ipsum dolor sit amet consectetur adipisicing elit. Distinctio magnam culpa eveniet doloribus harum? Ipsam, a necessitatibus? Sequi sunt accusantium quod, animi iure a, aliquid dolor ea vel magni dolore?
          </p>
        </div>
      </div>
    </div>
  </div>
</div>
`;

exports[`<GridContent /> Should render grid content background 1`] = `
.c2 {
  text-align: center;
  max-width: 58rem;
  margin: 0 auto;
}

.c3 {
  margin: 6.4rem 0;
}

.c0 {
  background: #FFFFFF;
  color: #2F5233;
  min-height: 100vh;
  display: -webkit-box;
  display: -webkit-flex;
  display: -ms-flexbox;
  display: flex;
  -webkit-align-items: center;
  -webkit-box-align: center;
  -ms-flex-align: center;
  align-items: center;
}

.c1 {
  max-width: 120rem;
  margin: 0 auto;
  padding: 3.2rem;
  width: 100%;
}

.c4 {
  color: #2F5233;
  font-size: 4.0rem;
  text-transform: uppercase;
  font-family: 'Montserrat',sans-serif;
}

.c5 {
  font-size: 2.4rem;
}

<div>
  <div
    class="c0"
    id=""
  >
    <div
      class="c1"
    >
      <div
        class="c2"
      >
        <div
          class="c3"
        >
          <h2
            class="c4"
          >
            Grid content
          </h2>
          <p
            class="c5"
          >
            Lorem ipsum dolor sit amet consectetur adipisicing elit. Distinctio magnam culpa eveniet doloribus harum? Ipsam, a necessitatibus? Sequi sunt accusantium quod, animi iure a, aliquid dolor ea vel magni dolore?
          </p>
        </div>
      </div>
    </div>
  </div>
</div>
`;
