// Jest Snapshot v1, https://goo.gl/fbAQLP

exports[`<GridPartner /> Should render GridPartner 1`] = `
.c5 {
  font-size: 2.4rem;
}

.c2 > .c4 {
  margin-bottom: 6.4rem;
}

.c6 {
  display: grid;
  grid-template-columns: repeat(auto-fill,minmax(280px,1fr));
  gap: 2.4rem;
}

.c7 {
  overflow: hidden;
}

.c8 {
  width: 100%;
}

.c0 {
  background: #FFFFFF;
  color: #2F5233;
  min-height: 100vh;
  display: -webkit-box;
  display: -webkit-flex;
  display: -ms-flexbox;
  display: flex;
  -webkit-align-items: center;
  -webkit-box-align: center;
  -ms-flex-align: center;
  align-items: center;
}

.c1 {
  max-width: 120rem;
  margin: 0 auto;
  padding: 3.2rem;
  width: 100%;
}

.c3 {
  color: #2F5233;
  font-size: 6.4rem;
  text-transform: uppercase;
  font-family: 'Montserrat',sans-serif;
}

@media (max-width:768px) {
  .c6 {
    grid-template-columns: 1fr;
  }
}

@media (max-width:768px) {
  .c3 {
    font-size: (max-width:768px);
  }
}

<div>
  <div
    class="c0"
    id=""
  >
    <div
      class="c1"
    >
      <div
        class="c2"
      >
        <h2
          class="c3"
        >
          My grid
        </h2>
        <p
          class="c4 c5"
        >
          Atque doloribus nobis laudantium esse ut, non commodi maxime distinctio veritatis unde
        </p>
        <div
          class="c6"
        >
          <div
            class="c7"
          >
            <img
              alt="Teste 1"
              class="c8"
              src="assets/images/partner.jpeg"
            />
          </div>
          <div
            class="c7"
          >
            <img
              alt="Teste 2"
              class="c8"
              src="assets/images/partner.jpeg"
            />
          </div>
          <div
            class="c7"
          >
            <img
              alt="Teste 3"
              class="c8"
              src="assets/images/partner.jpeg"
            />
          </div>
          <div
            class="c7"
          >
            <img
              alt="Teste 4"
              class="c8"
              src="assets/images/partner.jpeg"
            />
          </div>
          <div
            class="c7"
          >
            <img
              alt="Teste 5"
              class="c8"
              src="assets/images/partner.jpeg"
            />
          </div>
          <div
            class="c7"
          >
            <img
              alt="Teste 6"
              class="c8"
              src="assets/images/partner.jpeg"
            />
          </div>
        </div>
      </div>
    </div>
  </div>
</div>
`;
