// Jest Snapshot v1, https://goo.gl/fbAQLP

exports[`<GridTwoColumn /> Should render two columns grid 1`] = `
.c5 {
  color: #2F5233;
  font-size: 4.0rem;
  text-transform: uppercase;
  font-family: 'Montserrat',sans-serif;
}

.c2 {
  display: grid;
  grid-template-columns: 1.8fr 1fr;
  margin-left: 3rem;
  -webkit-align-items: center;
  -webkit-box-align: center;
  -ms-flex-align: center;
  align-items: center;
  gap: 3.2rem;
}

.c2 .c4 {
  margin-bottom: 4.0rem;
}

.c7 {
  width: 100%;
}

.c8 {
  width: 100%;
  border-radius: 2.4%;
}

.c0 {
  background: #FFFFFF;
  color: #2F5233;
  min-height: 100vh;
  display: -webkit-box;
  display: -webkit-flex;
  display: -ms-flexbox;
  display: flex;
  -webkit-align-items: center;
  -webkit-box-align: center;
  -ms-flex-align: center;
  align-items: center;
}

.c1 {
  max-width: 120rem;
  margin: 0 auto;
  padding: 3.2rem;
  width: 100%;
}

.c6 {
  font-size: 2.4rem;
}

@media (max-width:768px) {
  .c2 {
    grid-template-columns: 1fr;
    text-align: center;
    margin-left: 0;
  }
}

@media (max-width:768px) {
  .c3 {
    margin-bottom: 3.2rem;
  }
}

<div>
  <div
    class="c0"
    id=""
  >
    <div
      class="c1"
    >
      <div
        class="c2"
      >
        <div
          class="c3"
        >
          <h2
            class="c4 c5"
          >
            Grid two columns
          </h2>
          <p
            class="c6"
          >
            Lorem ipsum dolor sit amet consectetur adipisicing elit. Distinctio magnam culpa eveniet doloribus harum? Ipsam, a necessitatibus? Sequi sunt accusantium quod, animi iure a, aliquid dolor ea vel magni dolore?
          </p>
        </div>
        <div
          class="c7"
        >
          <img
            alt="Grid two columns"
            class="c8"
            src="assets/images/javascript.svg"
          />
        </div>
      </div>
    </div>
  </div>
</div>
`;
